<head>
<!-- runkit:common.css -->
<link rel="stylesheet" href="common-abcdefg.css"/>
<!-- runkit:end -->
<!-- runkit:script.js -->
<script type="application/javascript" src="script-abcdefg.js"></script>
<!-- runkit:end -->
</head>
