<head>
<!-- taskkit:common.css -->
<link rel="stylesheet" href="common-abcdefg.css"/>
<!-- taskkit:end -->
<!-- taskkit:script.js -->
<script type="application/javascript" src="script-abcdefg.js"></script>
<!-- taskkit:end -->
</head>
